
> finance-dashboard@0.1.0 test
> vitest --run


[1m[46m RUN [49m[22m [36mv4.0.16 [39m[90mC:/Users/Hager/finance-dashboard[39m

 [31mΓ¥»[39m tests/lib/compensation.edgecases.test.ts [2m([22m[2m25 tests[22m[2m | [22m[31m1 failed[39m[2m)[22m[32m 18[2mms[22m[39m
       [32mΓ£ô[39m detects single transaction exceeding budget[32m 1[2mms[22m[39m
       [32mΓ£ô[39m detects transaction matching exact budget[32m 0[2mms[22m[39m
       [32mΓ£ô[39m detects transaction exactly one unit over[32m 0[2mms[22m[39m
       [32mΓ£ô[39m finds multiple compensation sources[32m 0[2mms[22m[39m
       [32mΓ£ô[39m ranks sources by availability[32m 0[2mms[22m[39m
       [32mΓ£ô[39m applies compensation from single source[32m 0[2mms[22m[39m
       [32mΓ£ô[39m splits compensation across two sources[32m 0[2mms[22m[39m
       [32mΓ£ô[39m cascades compensation through multiple sources[32m 0[2mms[22m[39m
       [32mΓ£ô[39m handles overspend exceeding all available sources[32m 0[2mms[22m[39m
       [32mΓ£ô[39m rebalances three-category budget with fixed reduction[32m 0[2mms[22m[39m
       [32mΓ£ô[39m handles rebalance when one category becomes zero[32m 0[2mms[22m[39m
       [32mΓ£ô[39m rebalances across all 60 months when applying to future[32m 3[2mms[22m[39m
       [32mΓ£ô[39m handles budget increase causing over-allocation[32m 0[2mms[22m[39m
       [32mΓ£ô[39m handles simultaneous increase in income and budget reduction[32m 0[2mms[22m[39m
       [32mΓ£ô[39m handles budget reduction to nearly zero[32m 0[2mms[22m[39m
       [32mΓ£ô[39m handles allocation with only savings available[32m 0[2mms[22m[39m
       [32mΓ£ô[39m reverses single source compensation[32m 0[2mms[22m[39m
       [32mΓ£ô[39m reverses multi-source compensation[32m 0[2mms[22m[39m
       [32mΓ£ô[39m reverses cascading compensation[32m 0[2mms[22m[39m
       [32mΓ£ô[39m uses bonus as compensation source before base budget[32m 0[2mms[22m[39m
       [32mΓ£ô[39m compensates from savings when budget + extras insufficient[32m 0[2mms[22m[39m
       [32mΓ£ô[39m tracks compensation impact across months[32m 0[2mms[22m[39m
       [32mΓ£ô[39m applies forward adjustment when compensation used[32m 0[2mms[22m[39m
[31m       [31m├ù[31m ensures total budgets still equal available after compensation[39m[32m 7[2mms[22m[39m
       [32mΓ£ô[39m prevents compensation causing negative budget[32m 0[2mms[22m[39m
 [31mΓ¥»[39m tests/lib/validators.edgecases.test.ts [2m([22m[2m35 tests[22m[2m | [22m[31m1 failed[39m[2m)[22m[32m 36[2mms[22m[39m
       [32mΓ£ô[39m calculates deficit between income and spending[32m 1[2mms[22m[39m
       [32mΓ£ô[39m calculates surplus when spending below income[32m 0[2mms[22m[39m
       [32mΓ£ô[39m detects overspend when spending exceeds income[32m 0[2mms[22m[39m
       [32mΓ£ô[39m handles zero deficit (perfect balance)[32m 0[2mms[22m[39m
       [32mΓ£ô[39m applies floating-point tolerance (0.5)[32m 0[2mms[22m[39m
       [32mΓ£ô[39m rounds to 2 decimal places[32m 0[2mms[22m[39m
       [32mΓ£ô[39m formats currency with thousands separator[32m 19[2mms[22m[39m
[31m       [31m├ù[31m handles negative currency formatting[39m[32m 6[2mms[22m[39m
       [32mΓ£ô[39m formats percentages correctly[32m 0[2mms[22m[39m
       [32mΓ£ô[39m validates array is 60 elements long[32m 0[2mms[22m[39m
       [32mΓ£ô[39m detects missing or extra elements[32m 1[2mms[22m[39m
       [32mΓ£ô[39m validates all elements are numbers[32m 0[2mms[22m[39m
       [32mΓ£ô[39m detects non-numeric elements[32m 0[2mms[22m[39m
       [32mΓ£ô[39m calculates sum of array elements[32m 0[2mms[22m[39m
       [32mΓ£ô[39m calculates average of array[32m 0[2mms[22m[39m
       [32mΓ£ô[39m finds min and max in array[32m 0[2mms[22m[39m
       [32mΓ£ô[39m validates non-empty string[32m 0[2mms[22m[39m
       [32mΓ£ô[39m validates string length constraints[32m 0[2mms[22m[39m
       [32mΓ£ô[39m sanitizes special characters in strings[32m 0[2mms[22m[39m
       [32mΓ£ô[39m handles unicode characters[32m 0[2mms[22m[39m
       [32mΓ£ô[39m validates date is valid[32m 0[2mms[22m[39m
       [32mΓ£ô[39m compares timestamps correctly[32m 0[2mms[22m[39m
       [32mΓ£ô[39m validates date range[32m 0[2mms[22m[39m
       [32mΓ£ô[39m calculates days between dates[32m 0[2mms[22m[39m
       [32mΓ£ô[39m converts string to number[32m 0[2mms[22m[39m
       [32mΓ£ô[39m converts number to string[32m 0[2mms[22m[39m
       [32mΓ£ô[39m converts to boolean with !![32m 0[2mms[22m[39m
       [32mΓ£ô[39m compares numbers with loose equality[32m 0[2mms[22m[39m
       [32mΓ£ô[39m compares numbers with strict equality[32m 0[2mms[22m[39m
       [32mΓ£ô[39m handles NaN comparison[32m 0[2mms[22m[39m
       [32mΓ£ô[39m compares objects by reference[32m 0[2mms[22m[39m
       [32mΓ£ô[39m checks for null values[32m 0[2mms[22m[39m
       [32mΓ£ô[39m checks for undefined values[32m 0[2mms[22m[39m
       [32mΓ£ô[39m provides default values for null/undefined[32m 0[2mms[22m[39m
       [32mΓ£ô[39m safely accesses nested properties[32m 0[2mms[22m[39m
 [32mΓ£ô[39m tests/integration/freedAmountWorkflow.test.ts [2m([22m[2m25 tests[22m[2m)[22m[32m 60[2mms[22m[39m
 [32mΓ£ô[39m tests/hooks/useMonthSelection.test.ts [2m([22m[2m3 tests[22m[2m)[22m[32m 74[2mms[22m[39m
 [32mΓ£ô[39m tests/hooks/useNewExpenseSplitModal.test.ts [2m([22m[2m24 tests[22m[2m)[22m[32m 87[2mms[22m[39m
 [32mΓ£ô[39m tests/hooks/useBudgetRebalanceModal.test.ts [2m([22m[2m37 tests[22m[2m)[22m[32m 131[2mms[22m[39m
 [32mΓ£ô[39m tests/hooks/useExtraSplitModal.test.ts [2m([22m[2m22 tests[22m[2m)[22m[32m 86[2mms[22m[39m
 [32mΓ£ô[39m tests/hooks/useSalarySplitModal.test.ts [2m([22m[2m28 tests[22m[2m)[22m[32m 120[2mms[22m[39m
[90mstdout[2m | tests/hooks/useFinancialState.test.ts[2m > [22m[2museFinancialState Hook - TDD Test Suite[2m > [22m[2mPositive Test Cases[2m > [22m[2mshould save financial data when saveData is called
[22m[39mNo financial data found for user; initializing empty state { uid: [32m'test-user-123'[39m }

 [32mΓ£ô[39m tests/components/TransactionModal.test.tsx [2m([22m[2m17 tests[22m[2m)[22m[32m 250[2mms[22m[39m
 [32mΓ£ô[39m tests/components/MonthlySection.test.tsx [2m([22m[2m5 tests[22m[2m)[22m[33m 555[2mms[22m[39m
     [33m[2mΓ£ô[22m[39m renders heading and all fields with formatted values [33m 337[2mms[22m[39m
node.exe : [90mstderr[2m | tests/hooks/useFinancialState.test.ts[2m > 
[22m[2museFinancialState Hook - TDD Test Suite[2m > [22m[2mPositive Test Cases[2m > 
[22m[2mshould not save when user is not authenticated
At line:1 char:1
+ & "C:\Program Files\nodejs/node.exe" "C:\Program Files\nodejs/node_mo ...
+ ~~~~~~~~~~~~~~~~~~~~~~~~~~~~~~~~~~~~~~~~~~~~~~~~~~~~~~~~~~~~~~~~~~~~~
    + CategoryInfo          : NotSpecified: ([90mstderr[2m...t authenticated:String) [], Remot 
   eException
    + FullyQualifiedErrorId : NativeCommandError
 
[22m[39mCannot save: no user authenticated

[90mstderr[2m | tests/hooks/useFinancialState.test.ts[2m > [22m[2museFinancialState Hook - 
TDD Test Suite[2m > [22m[2mNegative Test Cases[2m > [22m[2mshould handle Firestore read 
errors gracefully
[22m[39mFailed to load from Firestore Error: Firestore permission denied
    at C:/Users/Hager/finance-dashboard/tests/hooks/useFinancialState.test.ts:169:9
    at [90mfile:///C:/Users/Hager/finance-dashboard/[39mnode_modules/[4m@vitest/runner[24m/di
st/index.js:145:11
    at [90mfile:///C:/Users/Hager/finance-dashboard/[39mnode_modules/[4m@vitest/runner[24m/di
st/index.js:915:26
    at [90mfile:///C:/Users/Hager/finance-dashboard/[39mnode_modules/[4m@vitest/runner[24m/di
st/index.js:1243:20
    at new Promise (<anonymous>)
    at runWithTimeout [90m(file:///C:/Users/Hager/finance-dashboard/[39mnode_modules/[4m@vites
t/runner[24m/dist/index.js:1209:10[90m)[39m
    at [90mfile:///C:/Users/Hager/finance-dashboard/[39mnode_modules/[4m@vitest/runner[24m/di
st/index.js:1653:37
    at Traces.$ [90m(file:///C:/Users/Hager/finance-dashboard/[39mnode_modules/[4mvitest[24m/
dist/chunks/traces.U4xDYhzZ.js:115:27[90m)[39m
    at trace [90m(file:///C:/Users/Hager/finance-dashboard/[39mnode_modules/[4mvitest[24m/dis
t/chunks/test.B8ej_ZHS.js:239:21[90m)[39m
    at runTest [90m(file:///C:/Users/Hager/finance-dashboard/[39mnode_modules/[4m@vitest/runne
r[24m/dist/index.js:1653:12[90m)[39m

[90mstderr[2m | tests/hooks/useFinancialState.test.ts[2m > [22m[2museFinancialState Hook - 
TDD Test Suite[2m > [22m[2mNegative Test Cases[2m > [22m[2mshould handle Firestore read 
errors gracefully
[22m[39mFailed to load from Firestore Error: Firestore permission denied
    at C:/Users/Hager/finance-dashboard/tests/hooks/useFinancialState.test.ts:169:9
    at [90mfile:///C:/Users/Hager/finance-dashboard/[39mnode_modules/[4m@vitest/runner[24m/di
st/index.js:145:11
    at [90mfile:///C:/Users/Hager/finance-dashboard/[39mnode_modules/[4m@vitest/runner[24m/di
st/index.js:915:26
    at [90mfile:///C:/Users/Hager/finance-dashboard/[39mnode_modules/[4m@vitest/runner[24m/di
st/index.js:1243:20
    at new Promise (<anonymous>)
    at runWithTimeout [90m(file:///C:/Users/Hager/finance-dashboard/[39mnode_modules/[4m@vites
t/runner[24m/dist/index.js:1209:10[90m)[39m
    at [90mfile:///C:/Users/Hager/finance-dashboard/[39mnode_modules/[4m@vitest/runner[24m/di
st/index.js:1653:37
    at Traces.$ [90m(file:///C:/Users/Hager/finance-dashboard/[39mnode_modules/[4mvitest[24m/
dist/chunks/traces.U4xDYhzZ.js:115:27[90m)[39m
    at trace [90m(file:///C:/Users/Hager/finance-dashboard/[39mnode_modules/[4mvitest[24m/dis
t/chunks/test.B8ej_ZHS.js:239:21[90m)[39m
    at runTest [90m(file:///C:/Users/Hager/finance-dashboard/[39mnode_modules/[4m@vitest/runne
r[24m/dist/index.js:1653:12[90m)[39m

[90mstdout[2m | tests/hooks/useFinancialState.test.ts[2m > [22m[2museFinancialState Hook - TDD Test Suite[2m > [22m[2mNegative Test Cases[2m > [22m[2mshould handle Firestore write errors gracefully
[22m[39mNo financial data found for user; initializing empty state { uid: [32m'test-user-123'[39m }

[90mstderr[2m | tests/hooks/useFinancialState.test.ts[2m > [22m[2museFinancialState Hook - 
TDD Test Suite[2m > [22m[2mNegative Test Cases[2m > [22m[2mshould handle Firestore write 
errors gracefully
[22m[39mFailed to save financial data Error: Network error
    at C:/Users/Hager/finance-dashboard/tests/hooks/useFinancialState.test.ts:192:9
    at [90mfile:///C:/Users/Hager/finance-dashboard/[39mnode_modules/[4m@vitest/runner[24m/di
st/index.js:145:11
    at [90mfile:///C:/Users/Hager/finance-dashboard/[39mnode_modules/[4m@vitest/runner[24m/di
st/index.js:915:26
    at [90mfile:///C:/Users/Hager/finance-dashboard/[39mnode_modules/[4m@vitest/runner[24m/di
st/index.js:1243:20
    at new Promise (<anonymous>)
    at runWithTimeout [90m(file:///C:/Users/Hager/finance-dashboard/[39mnode_modules/[4m@vites
t/runner[24m/dist/index.js:1209:10[90m)[39m
    at [90mfile:///C:/Users/Hager/finance-dashboard/[39mnode_modules/[4m@vitest/runner[24m/di
st/index.js:1653:37
    at Traces.$ [90m(file:///C:/Users/Hager/finance-dashboard/[39mnode_modules/[4mvitest[24m/
dist/chunks/traces.U4xDYhzZ.js:115:27[90m)[39m
    at trace [90m(file:///C:/Users/Hager/finance-dashboard/[39mnode_modules/[4mvitest[24m/dis
t/chunks/test.B8ej_ZHS.js:239:21[90m)[39m
    at runTest [90m(file:///C:/Users/Hager/finance-dashboard/[39mnode_modules/[4m@vitest/runne
r[24m/dist/index.js:1653:12[90m)[39m

[90mstdout[2m | tests/hooks/useFinancialState.test.ts[2m > [22m[2museFinancialState Hook - TDD Test Suite[2m > [22m[2mNegative Test Cases[2m > [22m[2mshould handle save conflict errors
[22m[39mNo financial data found for user; initializing empty state { uid: [32m'test-user-123'[39m }

 [32mΓ£ô[39m tests/components/AnalyticsSection.test.tsx [2m([22m[2m15 tests[22m[2m)[22m[33m 394[2mms[22m[39m
[90mstderr[2m | tests/hooks/useFinancialState.test.ts[2m > [22m[2museFinancialState Hook - 
TDD Test Suite[2m > [22m[2mNegative Test Cases[2m > [22m[2mshould handle save conflict 
errors
[22m[39mFailed to save financial data Error: conflict
    at C:/Users/Hager/finance-dashboard/tests/hooks/useFinancialState.test.ts:219:29
    at [90mfile:///C:/Users/Hager/finance-dashboard/[39mnode_modules/[4m@vitest/runner[24m/di
st/index.js:145:11
    at [90mfile:///C:/Users/Hager/finance-dashboard/[39mnode_modules/[4m@vitest/runner[24m/di
st/index.js:915:26
    at [90mfile:///C:/Users/Hager/finance-dashboard/[39mnode_modules/[4m@vitest/runner[24m/di
st/index.js:1243:20
    at new Promise (<anonymous>)
    at runWithTimeout [90m(file:///C:/Users/Hager/finance-dashboard/[39mnode_modules/[4m@vites
t/runner[24m/dist/index.js:1209:10[90m)[39m
    at [90mfile:///C:/Users/Hager/finance-dashboard/[39mnode_modules/[4m@vitest/runner[24m/di
st/index.js:1653:37
    at Traces.$ [90m(file:///C:/Users/Hager/finance-dashboard/[39mnode_modules/[4mvitest[24m/
dist/chunks/traces.U4xDYhzZ.js:115:27[90m)[39m
    at trace [90m(file:///C:/Users/Hager/finance-dashboard/[39mnode_modules/[4mvitest[24m/dis
t/chunks/test.B8ej_ZHS.js:239:21[90m)[39m
    at runTest [90m(file:///C:/Users/Hager/finance-dashboard/[39mnode_modules/[4m@vitest/runne
r[24m/dist/index.js:1653:12[90m)[39m

 [32mΓ£ô[39m tests/hooks/useFinancialState.test.ts [2m([22m[2m7 tests[22m[2m)[22m[33m 429[2mms[22m[39m
 [32mΓ£ô[39m tests/components/SetupSection.test.tsx [2m([22m[2m30 tests[22m[2m)[22m[33m 660[2mms[22m[39m
 [32mΓ£ô[39m tests/components/BudgetSection.test.tsx [2m([22m[2m19 tests[22m[2m)[22m[33m 733[2mms[22m[39m
 [32mΓ£ô[39m tests/lib/realLifeScenarios.test.ts [2m([22m[2m34 tests[22m[2m)[22m[32m 55[2mms[22m[39m
 [32mΓ£ô[39m tests/lib/calc.test.ts [2m([22m[2m1 test[22m[2m)[22m[32m 40[2mms[22m[39m
 [32mΓ£ô[39m tests/lib/fixedExpenses.mutations.test.ts [2m([22m[2m7 tests[22m[2m)[22m[32m 38[2mms[22m[39m
 [32mΓ£ô[39m tests/lib/newExpenseSplit.test.ts [2m([22m[2m1 test[22m[2m)[22m[32m 39[2mms[22m[39m
 [32mΓ£ô[39m tests/lib/freedAmountSplit.test.ts [2m([22m[2m8 tests[22m[2m)[22m[32m 37[2mms[22m[39m
 [32mΓ£ô[39m tests/lib/reversal.test.ts [2m([22m[2m10 tests[22m[2m)[22m[32m 38[2mms[22m[39m
 [32mΓ£ô[39m tests/lib/budgetBalance.test.ts [2m([22m[2m4 tests[22m[2m)[22m[32m 34[2mms[22m[39m
 [32mΓ£ô[39m tests/lib/integration.saveAndCalc.test.ts [2m([22m[2m2 tests[22m[2m)[22m[32m 34[2mms[22m[39m
 [32mΓ£ô[39m tests/lib/calc.pending.test.ts [2m([22m[2m3 tests[22m[2m)[22m[32m 33[2mms[22m[39m
 [32mΓ£ô[39m tests/lib/calc.behavior.test.ts [2m([22m[2m4 tests[22m[2m)[22m[32m 35[2mms[22m[39m
 [32mΓ£ô[39m tests/lib/rollover.edgecases.test.ts [2m([22m[2m35 tests[22m[2m)[22m[32m 12[2mms[22m[39m
 [32mΓ£ô[39m tests/hooks/useTransactions.test.ts [2m([22m[2m17 tests[22m[2m)[22m[32m 15[2mms[22m[39m
 [32mΓ£ô[39m tests/lib/calc.edgecases.test.ts [2m([22m[2m3 tests[22m[2m)[22m[32m 33[2mms[22m[39m
 [32mΓ£ô[39m tests/hooks/useForceRebalanceModal.test.ts [2m([22m[2m41 tests[22m[2m)[22m[32m 13[2mms[22m[39m
[90mstdout[2m | tests/hooks/useBudgetValidation.test.ts[2m > [22m[2museBudgetValidation[2m > [22m[2mdetects issues when totals differ
[22m[39mBudget validation first issue {
  idx: [33m0[39m,
  month: [32m'Jan 2025'[39m,
  saveTotal: [33m6000[39m,
  grocTotal: [33m8000[39m,
  entTotal: [33m7000[39m,
  available: [33m20000[39m,
  deficit: [33m1000[39m,
  issuesCount: [33m1[39m
}

 [32mΓ£ô[39m tests/hooks/useBudgetValidation.test.ts [2m([22m[2m3 tests[22m[2m)[22m[32m 34[2mms[22m[39m
 [32mΓ£ô[39m tests/lib/persistence.edgecases.test.ts [2m([22m[2m28 tests[22m[2m)[22m[32m 15[2mms[22m[39m
 [32mΓ£ô[39m tests/lib/modals.edgecases.test.ts [2m([22m[2m37 tests[22m[2m)[22m[32m 12[2mms[22m[39m
 [32mΓ£ô[39m tests/hooks/useVariableExpenses.test.ts [2m([22m[2m16 tests[22m[2m)[22m[32m 13[2mms[22m[39m
 [32mΓ£ô[39m tests/lib/compensation.test.ts [2m([22m[2m18 tests[22m[2m)[22m[32m 14[2mms[22m[39m
 [32mΓ£ô[39m tests/lib/expenses.edgecases.test.ts [2m([22m[2m25 tests[22m[2m)[22m[32m 11[2mms[22m[39m
 [32mΓ£ô[39m tests/hooks/useFixedExpenses.test.ts [2m([22m[2m14 tests[22m[2m)[22m[32m 10[2mms[22m[39m
 [32mΓ£ô[39m tests/hooks/useModalState.test.ts [2m([22m[2m23 tests[22m[2m)[22m[32m 12[2mms[22m[39m
 [32mΓ£ô[39m tests/lib/extraIncomeSplit.edgecases.test.ts [2m([22m[2m21 tests[22m[2m)[22m[32m 10[2mms[22m[39m
 [32mΓ£ô[39m tests/lib/validators.test.ts [2m([22m[2m3 tests[22m[2m)[22m[32m 11[2mms[22m[39m
 [32mΓ£ô[39m tests/lib/saveChanges.test.ts [2m([22m[2m7 tests[22m[2m)[22m[32m 8[2mms[22m[39m
 [32mΓ£ô[39m tests/lib/concurrency.applySaveChanges.test.ts [2m([22m[2m1 test[22m[2m)[22m[32m 7[2mms[22m[39m
 [32mΓ£ô[39m tests/lib/uiHelpers.test.ts [2m([22m[2m9 tests[22m[2m)[22m[32m 7[2mms[22m[39m
 [32mΓ£ô[39m tests/bugs/extraIncomeDeletionCompleteFix.test.ts [2m([22m[2m2 tests[22m[2m)[22m[32m 7[2mms[22m[39m
 [32mΓ£ô[39m tests/lib/forceRebalance.test.ts [2m([22m[2m2 tests[22m[2m)[22m[32m 5[2mms[22m[39m
 [32mΓ£ô[39m tests/lib/financeSafe.test.ts [2m([22m[2m2 tests[22m[2m)[22m[32m 7[2mms[22m[39m
 [32mΓ£ô[39m tests/bugs/splitModalBaseline.test.ts [2m([22m[2m6 tests[22m[2m)[22m[32m 4[2mms[22m[39m
 [32mΓ£ô[39m tests/lib/setupGate.test.ts [2m([22m[2m4 tests[22m[2m)[22m[32m 3[2mms[22m[39m
 [32mΓ£ô[39m tests/bugs/extraIncomeDeletion.test.ts [2m([22m[2m2 tests[22m[2m)[22m[32m 3[2mms[22m[39m

[31mΓÄ»ΓÄ»ΓÄ»ΓÄ»ΓÄ»ΓÄ»[39m[1m[41m Failed Suites 1 [49m[22m[31mΓÄ»ΓÄ»ΓÄ»ΓÄ»ΓÄ»ΓÄ»ΓÄ»[39m

[41m[1m FAIL [22m[49m tests/lib/budgetBalance.edgecases.test.ts[2m [ 
tests/lib/budgetBalance.edgecases.test.ts ][22m
[31m[1mError[22m: Transform failed with 1 error:
C:/Users/Hager/finance-dashboard/tests/lib/budgetBalance.edgecases.test.ts:384:3: ERROR: 
Expected ";" but found ")"[39m
  Plugin: [35mvite:esbuild[39m
  File: 
[36mC:/Users/Hager/finance-dashboard/tests/lib/budgetBalance.edgecases.test.ts[39m:384:3
[33m  
  [33mExpected ";" but found ")"[33m
  382 |        expect(checkWithExtras.valid).toBe(true);
  383 |      });
  384 |    });
      |     ^
  385 |  
  386 |    describe('Complex Multi-Factor Scenarios', () => {
  [39m
[90m [2mΓ¥»[22m failureErrorWithLog node_modules/esbuild/lib/main.js:[2m1467:15[22m[39m
[90m [2mΓ¥»[22m node_modules/esbuild/lib/main.js:[2m736:50[22m[39m
[90m [2mΓ¥»[22m responseCallbacks.<computed> 
node_modules/esbuild/lib/main.js:[2m603:9[22m[39m
[90m [2mΓ¥»[22m handleIncomingPacket node_modules/esbuild/lib/main.js:[2m658:12[22m[39m
[90m [2mΓ¥»[22m Socket.readFromStdout node_modules/esbuild/lib/main.js:[2m581:7[22m[39m

[31m[2mΓÄ»ΓÄ»ΓÄ»ΓÄ»ΓÄ»ΓÄ»ΓÄ»ΓÄ»ΓÄ»ΓÄ»ΓÄ»ΓÄ»ΓÄ»ΓÄ»ΓÄ»ΓÄ»ΓÄ»ΓÄ»ΓÄ»ΓÄ»ΓÄ»ΓÄ»ΓÄ»ΓÄ»[1/3]ΓÄ»[22m[3
9m


[31mΓÄ»ΓÄ»ΓÄ»ΓÄ»ΓÄ»ΓÄ»ΓÄ»[39m[1m[41m Failed Tests 2 [49m[22m[31mΓÄ»ΓÄ»ΓÄ»ΓÄ»ΓÄ»ΓÄ»ΓÄ»[39m

[41m[1m FAIL [22m[49m tests/lib/compensation.edgecases.test.ts[2m > [22mCompensation & 
Rebalance - Edge Cases & Complex Scenarios[2m > [22mValidation After Compensation[2m > 
[22mensures total budgets still equal available after compensation
[31m[1mAssertionError[22m: expected 9500 to be 10000 // Object.is equality[39m

[32m- Expected[39m
[31m+ Received[39m

[32m- 10000[39m
[31m+ 9500[39m

[36m [2mΓ¥»[22m tests/lib/compensation.edgecases.test.ts:[2m460:24[22m[39m
    [90m458| [39m
    [90m459| [39m      [35mconst[39m newTotal [33m=[39m month[33m.[39msave [33m+[39m 
month[33m.[39mgroc [33m+[39m month[33m.[39ment[33m;[39m
    [90m460| [39m      
[34mexpect[39m(newTotal)[33m.[39m[34mtoBe[39m(month[33m.[39minc)[33m;[39m
    [90m   | [39m                       [31m^[39m
    [90m461| [39m      
[34mexpect[39m(month[33m.[39msave)[33m.[39m[34mtoBe[39m([34m1500[39m)[33m;[39m
    [90m462| [39m    })[33m;[39m

[31m[2mΓÄ»ΓÄ»ΓÄ»ΓÄ»ΓÄ»ΓÄ»ΓÄ»ΓÄ»ΓÄ»ΓÄ»ΓÄ»ΓÄ»ΓÄ»ΓÄ»ΓÄ»ΓÄ»ΓÄ»ΓÄ»ΓÄ»ΓÄ»ΓÄ»ΓÄ»ΓÄ»ΓÄ»[2/3]ΓÄ»[22m[3
9m

[41m[1m FAIL [22m[49m tests/lib/validators.edgecases.test.ts[2m > [22mValidators & Utility 
Helpers - Edge Cases[2m > [22mNumber Formatting & Rounding[2m > [22mhandles negative 
currency formatting
[31m[1mAssertionError[22m: expected 'ΓêÆ1┬á500,00┬ákr' to contain '-'[39m

Expected: [32m"-"[39m
Received: [31m"ΓêÆ1┬á500,00┬ákr"[39m

[36m [2mΓ¥»[22m tests/lib/validators.edgecases.test.ts:[2m94:25[22m[39m
    [90m 92| [39m      })[33m;[39m
    [90m 93| [39m
    [90m 94| [39m      
[34mexpect[39m(formatted)[33m.[39m[34mtoContain[39m([32m'-'[39m) [33m;[39m
    [90m   | [39m                        [31m^[39m
    [90m 95| [39m      
[34mexpect[39m(formatted)[33m.[39m[34mtoContain[39m([32m'1500'[39m)[33m;[39m
    [90m 96| [39m    })[33m;[39m

[31m[2mΓÄ»ΓÄ»ΓÄ»ΓÄ»ΓÄ»ΓÄ»ΓÄ»ΓÄ»ΓÄ»ΓÄ»ΓÄ»ΓÄ»ΓÄ»ΓÄ»ΓÄ»ΓÄ»ΓÄ»ΓÄ»ΓÄ»ΓÄ»ΓÄ»ΓÄ»ΓÄ»ΓÄ»[3/3]ΓÄ»[22m[3
9m


[2m Test Files [22m [1m[31m3 failed[39m[22m[2m | [22m[1m[32m45 passed[39m[22m[90m (48)[39m
[2m      Tests [22m [1m[31m2 failed[39m[22m[2m | [22m[1m[32m683 passed[39m[22m[90m (685)[39m
[2m   Start at [22m 01:31:22
[2m   Duration [22m 10.33s[2m (transform 2.78s, setup 0ms, import 11.60s, tests 4.28s, environment 109.47s)[22m

